---
source: compiler/sig_ast/src/ast_to_hir.rs
expression: "parse(stringify!(fn main() bool { 1 + 2 * 3 == 4 }))"
---
File {
    struct_idx: 0,
    ctx: Ctx {
        params: [],
        exprs: [],
        lets: [],
        structs: [
            Struct {
                fns: [
                    FnDecl {
                        is_pub: false,
                        name: "main",
                        params: [],
                        return_ty: 0,
                        body: Block {
                            stmts: [],
                            returns: 7,
                        },
                        ctx: Ctx {
                            params: [],
                            exprs: [
                                Name(
                                    BuiltinType(
                                        Bool,
                                    ),
                                ),
                                Int(
                                    1,
                                ),
                                Int(
                                    2,
                                ),
                                Int(
                                    3,
                                ),
                                BinOp {
                                    op: Mul,
                                    lhs: 2,
                                    rhs: 3,
                                },
                                BinOp {
                                    op: Add,
                                    lhs: 1,
                                    rhs: 4,
                                },
                                Int(
                                    4,
                                ),
                                BinOp {
                                    op: Eq,
                                    lhs: 5,
                                    rhs: 6,
                                },
                            ],
                            lets: [],
                            structs: [],
                        },
                    },
                ],
                fields: [],
            },
        ],
    },
}
